Copyright 1986-2022 Xilinx, Inc. All Rights Reserved. Copyright 2022-2024 Advanced Micro Devices, Inc. All Rights Reserved.
----------------------------------------------------------------------------------------------------------------------------------------------------------------------
| Tool Version     : Vivado v.2024.2 (win64) Build 5239630 Fri Nov 08 22:35:27 MST 2024
| Date             : Tue Jul 21 13:24:37 2026
| Host             : DESKTOP-I9E0661 running 64-bit major release  (build 9200)
| Command          : report_power -file fpga_ssc_pll_top_power_routed.rpt -pb fpga_ssc_pll_top_power_summary_routed.pb -rpx fpga_ssc_pll_top_power_routed.rpx
| Design           : fpga_ssc_pll_top
| Device           : xcvu9p-flga2104-2L-e
| Design State     : routed
| Grade            : extended
| Process          : typical
| Characterization : Production
----------------------------------------------------------------------------------------------------------------------------------------------------------------------

Power Report

Table of Contents
-----------------
1. Summary
1.1 On-Chip Components
1.2 Power Supply Summary
1.3 Confidence Level
2. Settings
2.1 Environment
2.2 Clock Constraints
3. Detailed Reports
3.1 By Hierarchy

1. Summary
----------

+--------------------------+--------------+
| Total On-Chip Power (W)  | 2.596        |
| Design Power Budget (W)  | Unspecified* |
| Power Budget Margin (W)  | NA           |
| Dynamic (W)              | 0.124        |
| Device Static (W)        | 2.471        |
| Effective TJA (C/W)      | 0.5          |
| Max Ambient (C)          | 98.6         |
| Junction Temperature (C) | 26.4         |
| Confidence Level         | Medium       |
| Setting File             | ---          |
| Simulation Activity File | ---          |
| Design Nets Matched      | NA           |
+--------------------------+--------------+
* Specify Design Power Budget using, set_operating_conditions -design_power_budget <value in Watts>


1.1 On-Chip Components
----------------------

+--------------------------+-----------+----------+-----------+-----------------+
| On-Chip                  | Power (W) | Used     | Available | Utilization (%) |
+--------------------------+-----------+----------+-----------+-----------------+
| Clocks                   |     0.039 |        8 |       --- |             --- |
| CLB Logic                |     0.028 |    18201 |       --- |             --- |
|   LUT as Logic           |     0.022 |     6193 |   1182240 |            0.52 |
|   LUT as Shift Register  |     0.002 |      334 |    591840 |            0.06 |
|   Register               |     0.002 |     6830 |   2364480 |            0.29 |
|   CARRY8                 |     0.001 |     1231 |    147780 |            0.83 |
|   LUT as Distributed RAM |    <0.001 |       20 |    591840 |           <0.01 |
|   BUFG                   |    <0.001 |        3 |       240 |            1.25 |
|   Others                 |     0.000 |      734 |       --- |             --- |
|   F7/F8 Muxes            |     0.000 |     1813 |   1182240 |            0.15 |
| Signals                  |     0.022 |    19675 |       --- |             --- |
| Block RAM                |     0.003 |        3 |      2160 |            0.14 |
| MMCM                     |     0.000 |        0 |       --- |             --- |
| DSPs                     |     0.001 |        1 |      6840 |            0.01 |
| I/O                      |     0.031 |        7 |       832 |            0.84 |
| Static Power             |     2.471 |          |           |                 |
| Total                    |     2.596 |          |           |                 |
+--------------------------+-----------+----------+-----------+-----------------+


1.2 Power Supply Summary
------------------------

+------------+-------------+-----------+-------------+------------+-------------+-------------+------------+
| Source     | Voltage (V) | Total (A) | Dynamic (A) | Static (A) | Powerup (A) | Budget (A)  | Margin (A) |
+------------+-------------+-----------+-------------+------------+-------------+-------------+------------+
| Vccint     |       0.850 |     0.919 |       0.109 |      0.809 |       NA    | Unspecified | NA         |
| Vccint_io  |       0.850 |     0.263 |       0.001 |      0.262 |       NA    | Unspecified | NA         |
| Vccbram    |       0.850 |     0.016 |       0.000 |      0.015 |       NA    | Unspecified | NA         |
| Vccaux     |       1.800 |     0.651 |       0.000 |      0.651 |       NA    | Unspecified | NA         |
| Vccaux_io  |       1.800 |     0.187 |       0.002 |      0.185 |       NA    | Unspecified | NA         |
| Vcco33     |       3.300 |     0.000 |       0.000 |      0.000 |       NA    | Unspecified | NA         |
| Vcco25     |       2.500 |     0.000 |       0.000 |      0.000 |       NA    | Unspecified | NA         |
| Vcco18     |       1.800 |     0.015 |       0.015 |      0.000 |       NA    | Unspecified | NA         |
| Vcco15     |       1.500 |     0.000 |       0.000 |      0.000 |       NA    | Unspecified | NA         |
| Vcco135    |       1.350 |     0.000 |       0.000 |      0.000 |       NA    | Unspecified | NA         |
| Vcco12     |       1.200 |     0.000 |       0.000 |      0.000 |       NA    | Unspecified | NA         |
| Vcco10     |       1.000 |     0.000 |       0.000 |      0.000 |       NA    | Unspecified | NA         |
| Vccadc     |       1.800 |     0.024 |       0.000 |      0.024 |       NA    | Unspecified | NA         |
| MGTYAVcc   |       0.900 |     0.000 |       0.000 |      0.000 |       NA    | Unspecified | NA         |
| MGTYAVtt   |       1.200 |     0.000 |       0.000 |      0.000 |       NA    | Unspecified | NA         |
| MGTYVccaux |       1.800 |     0.000 |       0.000 |      0.000 |       NA    | Unspecified | NA         |
+------------+-------------+-----------+-------------+------------+-------------+-------------+------------+


1.3 Confidence Level
--------------------

+-----------------------------+------------+-------------------------------------------------------+------------------------------------------------------------------------------------------------------------+
| User Input Data             | Confidence | Details                                               | Action                                                                                                     |
+-----------------------------+------------+-------------------------------------------------------+------------------------------------------------------------------------------------------------------------+
| Design implementation state | High       | Design is routed                                      |                                                                                                            |
| Clock nodes activity        | High       | User specified more than 95% of clocks                |                                                                                                            |
| I/O nodes activity          | Medium     | More than 5% of inputs are missing user specification | Provide missing input activity with simulation results or by editing the "By Resource Type -> I/Os" view   |
| Internal nodes activity     | Medium     | User specified less than 25% of internal nodes        | Provide missing internal nodes activity with simulation results or by editing the "By Resource Type" views |
| Device models               | High       | Device models are Production                          |                                                                                                            |
|                             |            |                                                       |                                                                                                            |
| Overall confidence level    | Medium     |                                                       |                                                                                                            |
+-----------------------------+------------+-------------------------------------------------------+------------------------------------------------------------------------------------------------------------+


2. Settings
-----------

2.1 Environment
---------------

+-----------------------+--------------------------+
| Ambient Temp (C)      | 25.0                     |
| ThetaJA (C/W)         | 0.5                      |
| Airflow (LFM)         | 250                      |
| Heat Sink             | medium (Medium Profile)  |
| ThetaSA (C/W)         | 0.7                      |
| Board Selection       | medium (10"x10")         |
| # of Board Layers     | 12to15 (12 to 15 Layers) |
| Board Temperature (C) | 25.0                     |
+-----------------------+--------------------------+


2.2 Clock Constraints
---------------------

+-----------------------------------------------------------------------------------------------------+--------------------------------------------------------------------+-----------------+
| Clock                                                                                               | Domain                                                             | Constraint (ns) |
+-----------------------------------------------------------------------------------------------------+--------------------------------------------------------------------+-----------------+
| clk_out_pll                                                                                         | u_mmcm_pll/inst/clk_out1                                           |             1.6 |
| dbg_hub/inst/BSCANID.u_xsdbm_id/SWITCH_N_EXT_BSCAN.bscan_inst/SERIES7_BSCAN.bscan_inst/INTERNAL_TCK | dbg_hub/inst/BSCANID.u_xsdbm_id/SWITCH_N_EXT_BSCAN.bscan_inst/DRCK |            50.0 |
| div_out_dtc                                                                                         | u_lut_dtc_top/dout                                                 |            40.0 |
| dtc_code                                                                                            | u_dtc_ctrl/dtc_code[0]                                             |            20.0 |
| dtc_code                                                                                            | u_dtc_ctrl/dtc_code[1]                                             |            20.0 |
| dtc_code                                                                                            | u_dtc_ctrl/dtc_code[2]                                             |            20.0 |
| dtc_code                                                                                            | u_dtc_ctrl/dtc_code[3]                                             |            20.0 |
| dtc_code                                                                                            | u_dtc_ctrl/dtc_code[4]                                             |            20.0 |
| dtc_code                                                                                            | u_dtc_ctrl/dtc_code[5]                                             |            20.0 |
| dtc_code                                                                                            | u_dtc_ctrl/dtc_code[6]                                             |            20.0 |
| dtc_code                                                                                            | u_dtc_ctrl/dtc_code[7]                                             |            20.0 |
| dtc_code                                                                                            | u_dtc_ctrl/dtc_code[8]                                             |            20.0 |
| f45                                                                                                 | u_fracn_div/u_dual_div/u_div_45/u3_reg_sync/f45                    |            10.0 |
| sys_clk_p                                                                                           | sys_clk_p                                                          |             8.0 |
+-----------------------------------------------------------------------------------------------------+--------------------------------------------------------------------+-----------------+


3. Detailed Reports
-------------------

3.1 By Hierarchy
----------------

+--------------------------+-----------+
| Name                     | Power (W) |
+--------------------------+-----------+
| fpga_ssc_pll_top         |     0.124 |
|   IBUFDS_inst_clk125     |     0.003 |
|   dbg_hub                |     0.003 |
|     inst                 |     0.003 |
|       BSCANID.u_xsdbm_id |     0.003 |
|   u_dtc_ctrl             |     0.003 |
|     u_vio_dtc_comp       |     0.001 |
|       inst               |     0.001 |
|   u_fracn_div            |     0.034 |
|     u_dual_div           |     0.009 |
|       u_div_45           |     0.001 |
|       u_ila_dualdiv      |     0.008 |
|     u_mash111            |     0.020 |
|       u_hk_efm_1         |     0.002 |
|       u_hk_efm_2         |     0.002 |
|       u_hk_efm_3         |     0.002 |
|       u_ila              |     0.011 |
|       u_mash_stage       |     0.001 |
|     u_sync_rstn_dff      |     0.001 |
|     u_vio_eo             |     0.001 |
|       inst               |     0.001 |
|   u_ila                  |     0.009 |
|     inst                 |     0.009 |
|       ila_core_inst      |     0.009 |
|   u_lut_dtc_top          |     0.009 |
|   u_ssc_ctrl             |     0.024 |
|   u_vio                  |     0.002 |
|     inst                 |     0.002 |
|   u_vio_rst              |     0.001 |
|     inst                 |     0.001 |
|   u_vio_test_clk         |     0.001 |
|     inst                 |     0.001 |
+--------------------------+-----------+


