Copyright 1986-2022 Xilinx, Inc. All Rights Reserved. Copyright 2022-2024 Advanced Micro Devices, Inc. All Rights Reserved.
---------------------------------------------------------------------------------------------------------------------------------------------
| Tool Version : Vivado v.2024.2 (win64) Build 5239630 Fri Nov 08 22:35:27 MST 2024
| Date         : Tue Jul 21 13:24:26 2026
| Host         : DESKTOP-I9E0661 running 64-bit major release  (build 9200)
| Command      : report_drc -file fpga_ssc_pll_top_drc_routed.rpt -pb fpga_ssc_pll_top_drc_routed.pb -rpx fpga_ssc_pll_top_drc_routed.rpx
| Design       : fpga_ssc_pll_top
| Device       : xcvu9p-flga2104-2L-e
| Speed File   : -2L
| Design State : Fully Routed
---------------------------------------------------------------------------------------------------------------------------------------------

Report DRC

Table of Contents
-----------------
1. REPORT SUMMARY
2. REPORT DETAILS

1. REPORT SUMMARY
-----------------
            Netlist: netlist
          Floorplan: design_1
      Design limits: <entire design considered>
           Ruledeck: default
             Max checks: <unlimited>
             Checks found: 80
+-------------+----------+-------------------------------------------------------------+--------+
| Rule        | Severity | Description                                                 | Checks |
+-------------+----------+-------------------------------------------------------------+--------+
| DPIP-2      | Warning  | Input pipelining                                            | 2      |
| DPOP-3      | Warning  | PREG Output pipelining                                      | 1      |
| DPOP-4      | Warning  | MREG Output pipelining                                      | 1      |
| PDCN-1569   | Warning  | LUT equation term check                                     | 3      |
| PDRC-132    | Warning  | SLICE_PairEqSame_A6A5_WARN                                  | 9      |
| PDRC-134    | Warning  | SLICE_PairEqSame_B6B5_WARN                                  | 1      |
| PDRC-136    | Warning  | SLICE_PairEqSame_C6C5_WARN                                  | 1      |
| PDRC-140    | Warning  | SLICE_PairEqSame_A6A5_WARN                                  | 10     |
| PDRC-153    | Warning  | Gated clock check                                           | 43     |
| PLHOLDVIO-2 | Warning  | Non-Optimal connections which could lead to hold violations | 8      |
| RTSTAT-10   | Warning  | No routable loads                                           | 1      |
+-------------+----------+-------------------------------------------------------------+--------+

2. REPORT DETAILS
-----------------
DPIP-2#1 Warning
Input pipelining  
DSP u_dtc_ctrl/mult input u_dtc_ctrl/mult/A[29:0] is not pipelined. Pipelining DSP48 input will improve performance.
Related violations: <none>

DPIP-2#2 Warning
Input pipelining  
DSP u_dtc_ctrl/mult input u_dtc_ctrl/mult/B[17:0] is not pipelined. Pipelining DSP48 input will improve performance.
Related violations: <none>

DPOP-3#1 Warning
PREG Output pipelining  
DSP u_dtc_ctrl/mult output u_dtc_ctrl/mult/P[47:0] is not pipelined (PREG=0). Pipelining the DSP48 output will improve performance and often saves power so it is suggested whenever possible to fully pipeline this function.  If this DSP48 function was inferred, it is suggested to describe an additional register stage after this function.  If the DSP48 was instantiated in the design, it is suggested to set the PREG attribute to 1.
Related violations: <none>

DPOP-4#1 Warning
MREG Output pipelining  
DSP u_dtc_ctrl/mult multiplier stage u_dtc_ctrl/mult/P[47:0] is not pipelined (MREG=0). Pipelining the multiplier function will improve performance and will save significant power so it is suggested whenever possible to fully pipeline this function.  If this multiplier was inferred, it is suggested to describe an additional register stage after this function.  If there is no registered adder/accumulator following the multiply function, two pipeline stages are suggested to allow both the MREG and PREG registers to be used.  If the DSP48 was instantiated in the design, it is suggested to set both the MREG and PREG attributes to 1 when performing multiply functions.
Related violations: <none>

PDCN-1569#1 Warning
LUT equation term check  
Used physical LUT pin 'A4' of cell dbg_hub/inst/BSCANID.u_xsdbm_id/SWITCH_N_EXT_BSCAN.bscan_switch/temp_curid[31]_i_1 (pin dbg_hub/inst/BSCANID.u_xsdbm_id/SWITCH_N_EXT_BSCAN.bscan_switch/temp_curid[31]_i_1/I0) is not included in the LUT equation: 'O5=(A2*A3)+(A2*(~A3)*(~A1))+((~A2))'. If this cell is a user instantiated LUT in the design, please remove connectivity to the pin or change the equation and/or INIT string of the LUT to prevent this issue. If the cell is inferred or IP created LUT, please regenerate the IP and/or resynthesize the design to attempt to correct the issue.
Related violations: <none>

PDCN-1569#2 Warning
LUT equation term check  
Used physical LUT pin 'A4' of cell dbg_hub/inst/BSCANID.u_xsdbm_id/SWITCH_N_EXT_BSCAN.id_state[0]_i_1 (pin dbg_hub/inst/BSCANID.u_xsdbm_id/SWITCH_N_EXT_BSCAN.id_state[0]_i_1/I0) is not included in the LUT equation: 'O6=(A6+~A6)*((A2))'. If this cell is a user instantiated LUT in the design, please remove connectivity to the pin or change the equation and/or INIT string of the LUT to prevent this issue. If the cell is inferred or IP created LUT, please regenerate the IP and/or resynthesize the design to attempt to correct the issue.
Related violations: <none>

PDCN-1569#3 Warning
LUT equation term check  
Used physical LUT pin 'A5' of cell dbg_hub/inst/BSCANID.u_xsdbm_id/SWITCH_N_EXT_BSCAN.bscan_switch/temp_curid[31]_i_1 (pin dbg_hub/inst/BSCANID.u_xsdbm_id/SWITCH_N_EXT_BSCAN.bscan_switch/temp_curid[31]_i_1/I1) is not included in the LUT equation: 'O5=(A2*A3)+(A2*(~A3)*(~A1))+((~A2))'. If this cell is a user instantiated LUT in the design, please remove connectivity to the pin or change the equation and/or INIT string of the LUT to prevent this issue. If the cell is inferred or IP created LUT, please regenerate the IP and/or resynthesize the design to attempt to correct the issue.
Related violations: <none>

PDRC-132#1 Warning
SLICE_PairEqSame_A6A5_WARN  
Luts A6LUT and A5LUT in use in site SLICE_X105Y348 with different equations without A6 pin connected to Global Logic High.
Related violations: <none>

PDRC-132#2 Warning
SLICE_PairEqSame_A6A5_WARN  
Luts A6LUT and A5LUT in use in site SLICE_X106Y340 with different equations without A6 pin connected to Global Logic High.
Related violations: <none>

PDRC-132#3 Warning
SLICE_PairEqSame_A6A5_WARN  
Luts A6LUT and A5LUT in use in site SLICE_X112Y341 with different equations without A6 pin connected to Global Logic High.
Related violations: <none>

PDRC-132#4 Warning
SLICE_PairEqSame_A6A5_WARN  
Luts A6LUT and A5LUT in use in site SLICE_X114Y347 with different equations without A6 pin connected to Global Logic High.
Related violations: <none>

PDRC-132#5 Warning
SLICE_PairEqSame_A6A5_WARN  
Luts A6LUT and A5LUT in use in site SLICE_X115Y347 with different equations without A6 pin connected to Global Logic High.
Related violations: <none>

PDRC-132#6 Warning
SLICE_PairEqSame_A6A5_WARN  
Luts A6LUT and A5LUT in use in site SLICE_X118Y392 with different equations without A6 pin connected to Global Logic High.
Related violations: <none>

PDRC-132#7 Warning
SLICE_PairEqSame_A6A5_WARN  
Luts A6LUT and A5LUT in use in site SLICE_X122Y347 with different equations without A6 pin connected to Global Logic High.
Related violations: <none>

PDRC-132#8 Warning
SLICE_PairEqSame_A6A5_WARN  
Luts A6LUT and A5LUT in use in site SLICE_X126Y325 with different equations without A6 pin connected to Global Logic High.
Related violations: <none>

PDRC-132#9 Warning
SLICE_PairEqSame_A6A5_WARN  
Luts A6LUT and A5LUT in use in site SLICE_X126Y358 with different equations without A6 pin connected to Global Logic High.
Related violations: <none>

PDRC-134#1 Warning
SLICE_PairEqSame_B6B5_WARN  
Luts B6LUT and B5LUT in use in site SLICE_X126Y357 with different equations without A6 pin connected to Global Logic High.
Related violations: <none>

PDRC-136#1 Warning
SLICE_PairEqSame_C6C5_WARN  
Luts C6LUT and C5LUT in use in site SLICE_X126Y358 with different equations without A6 pin connected to Global Logic High.
Related violations: <none>

PDRC-140#1 Warning
SLICE_PairEqSame_A6A5_WARN  
Luts A6LUT and A5LUT in use in site SLICE_X100Y360 with different equations without A6 pin connected to Global Logic High.
Related violations: <none>

PDRC-140#2 Warning
SLICE_PairEqSame_A6A5_WARN  
Luts A6LUT and A5LUT in use in site SLICE_X102Y355 with different equations without A6 pin connected to Global Logic High.
Related violations: <none>

PDRC-140#3 Warning
SLICE_PairEqSame_A6A5_WARN  
Luts A6LUT and A5LUT in use in site SLICE_X104Y389 with different equations without A6 pin connected to Global Logic High.
Related violations: <none>

PDRC-140#4 Warning
SLICE_PairEqSame_A6A5_WARN  
Luts A6LUT and A5LUT in use in site SLICE_X108Y369 with different equations without A6 pin connected to Global Logic High.
Related violations: <none>

PDRC-140#5 Warning
SLICE_PairEqSame_A6A5_WARN  
Luts A6LUT and A5LUT in use in site SLICE_X110Y341 with different equations without A6 pin connected to Global Logic High.
Related violations: <none>

PDRC-140#6 Warning
SLICE_PairEqSame_A6A5_WARN  
Luts A6LUT and A5LUT in use in site SLICE_X113Y362 with different equations without A6 pin connected to Global Logic High.
Related violations: <none>

PDRC-140#7 Warning
SLICE_PairEqSame_A6A5_WARN  
Luts A6LUT and A5LUT in use in site SLICE_X117Y337 with different equations without A6 pin connected to Global Logic High.
Related violations: <none>

PDRC-140#8 Warning
SLICE_PairEqSame_A6A5_WARN  
Luts A6LUT and A5LUT in use in site SLICE_X121Y351 with different equations without A6 pin connected to Global Logic High.
Related violations: <none>

PDRC-140#9 Warning
SLICE_PairEqSame_A6A5_WARN  
Luts A6LUT and A5LUT in use in site SLICE_X123Y340 with different equations without A6 pin connected to Global Logic High.
Related violations: <none>

PDRC-140#10 Warning
SLICE_PairEqSame_A6A5_WARN  
Luts A6LUT and A5LUT in use in site SLICE_X99Y368 with different equations without A6 pin connected to Global Logic High.
Related violations: <none>

PDRC-153#1 Warning
Gated clock check  
Net div_out_raw_g is a gated clock net sourced by a combinational pin u_sys_bufg_fracn_out/O, cell u_sys_bufg_fracn_out. This is not good design practice and will likely impact performance. For SLICE registers, for example, use the CE pin to control the loading of data.
Related violations: <none>

PDRC-153#2 Warning
Gated clock check  
Net p_1_in is a gated clock net sourced by a combinational pin dtc_code_d1_reg[8]_i_1/O, cell dtc_code_d1_reg[8]_i_1. This is not good design practice and will likely impact performance. For SLICE registers, for example, use the CE pin to control the loading of data.
Related violations: <none>

PDRC-153#3 Warning
Gated clock check  
Net u_fracn_div/u_dual_div/u_div_45/u3_reg_sync/f45 is a gated clock net sourced by a combinational pin u_fracn_div/u_dual_div/u_div_45/u3_reg_sync/Qn/O, cell u_fracn_div/u_dual_div/u_div_45/u3_reg_sync/Qn. This is not good design practice and will likely impact performance. For SLICE registers, for example, use the CE pin to control the loading of data.
Related violations: <none>

PDRC-153#4 Warning
Gated clock check  
Net u_fracn_div/u_dual_div/u_p_counter/BLOCK1[0].u_dff/Q_reg/Q is a gated clock net sourced by a combinational pin u_fracn_div/u_dual_div/u_p_counter/BLOCK1[0].u_dff/Q_reg/L3/O, cell u_fracn_div/u_dual_div/u_p_counter/BLOCK1[0].u_dff/Q_reg/L3 (in u_fracn_div/u_dual_div/u_p_counter/BLOCK1[0].u_dff/Q_reg macro). This is not good design practice and will likely impact performance. For SLICE registers, for example, use the CE pin to control the loading of data.
Related violations: <none>

PDRC-153#5 Warning
Gated clock check  
Net u_fracn_div/u_dual_div/u_p_counter/BLOCK1[1].u_dff/Q_reg/Q is a gated clock net sourced by a combinational pin u_fracn_div/u_dual_div/u_p_counter/BLOCK1[1].u_dff/Q_reg/L3/O, cell u_fracn_div/u_dual_div/u_p_counter/BLOCK1[1].u_dff/Q_reg/L3 (in u_fracn_div/u_dual_div/u_p_counter/BLOCK1[1].u_dff/Q_reg macro). This is not good design practice and will likely impact performance. For SLICE registers, for example, use the CE pin to control the loading of data.
Related violations: <none>

PDRC-153#6 Warning
Gated clock check  
Net u_fracn_div/u_dual_div/u_p_counter/BLOCK1[2].u_dff/Q_reg/Q is a gated clock net sourced by a combinational pin u_fracn_div/u_dual_div/u_p_counter/BLOCK1[2].u_dff/Q_reg/L3/O, cell u_fracn_div/u_dual_div/u_p_counter/BLOCK1[2].u_dff/Q_reg/L3 (in u_fracn_div/u_dual_div/u_p_counter/BLOCK1[2].u_dff/Q_reg macro). This is not good design practice and will likely impact performance. For SLICE registers, for example, use the CE pin to control the loading of data.
Related violations: <none>

PDRC-153#7 Warning
Gated clock check  
Net u_fracn_div/u_dual_div/u_p_counter/BLOCK1[3].u_dff/Q_reg/Q is a gated clock net sourced by a combinational pin u_fracn_div/u_dual_div/u_p_counter/BLOCK1[3].u_dff/Q_reg/L3/O, cell u_fracn_div/u_dual_div/u_p_counter/BLOCK1[3].u_dff/Q_reg/L3 (in u_fracn_div/u_dual_div/u_p_counter/BLOCK1[3].u_dff/Q_reg macro). This is not good design practice and will likely impact performance. For SLICE registers, for example, use the CE pin to control the loading of data.
Related violations: <none>

PDRC-153#8 Warning
Gated clock check  
Net u_fracn_div/u_dual_div/u_p_counter/BLOCK1[4].u_dff/Q_reg/Q is a gated clock net sourced by a combinational pin u_fracn_div/u_dual_div/u_p_counter/BLOCK1[4].u_dff/Q_reg/L3/O, cell u_fracn_div/u_dual_div/u_p_counter/BLOCK1[4].u_dff/Q_reg/L3 (in u_fracn_div/u_dual_div/u_p_counter/BLOCK1[4].u_dff/Q_reg macro). This is not good design practice and will likely impact performance. For SLICE registers, for example, use the CE pin to control the loading of data.
Related violations: <none>

PDRC-153#9 Warning
Gated clock check  
Net u_fracn_div/u_dual_div/u_p_counter/u_ld_dff/Q_reg_1 is a gated clock net sourced by a combinational pin u_fracn_div/u_dual_div/u_p_counter/u_ld_dff/Q_i_3/O, cell u_fracn_div/u_dual_div/u_p_counter/u_ld_dff/Q_i_3. This is not good design practice and will likely impact performance. For SLICE registers, for example, use the CE pin to control the loading of data.
Related violations: <none>

PDRC-153#10 Warning
Gated clock check  
Net u_fracn_div/u_dual_div/u_p_counter/u_ld_dff/Q_reg_2 is a gated clock net sourced by a combinational pin u_fracn_div/u_dual_div/u_p_counter/u_ld_dff/Q_i_3__0/O, cell u_fracn_div/u_dual_div/u_p_counter/u_ld_dff/Q_i_3__0. This is not good design practice and will likely impact performance. For SLICE registers, for example, use the CE pin to control the loading of data.
Related violations: <none>

PDRC-153#11 Warning
Gated clock check  
Net u_fracn_div/u_dual_div/u_p_counter/u_ld_dff/Q_reg_3 is a gated clock net sourced by a combinational pin u_fracn_div/u_dual_div/u_p_counter/u_ld_dff/Q_i_3__1/O, cell u_fracn_div/u_dual_div/u_p_counter/u_ld_dff/Q_i_3__1. This is not good design practice and will likely impact performance. For SLICE registers, for example, use the CE pin to control the loading of data.
Related violations: <none>

PDRC-153#12 Warning
Gated clock check  
Net u_fracn_div/u_dual_div/u_p_counter/u_ld_dff/Q_reg_4 is a gated clock net sourced by a combinational pin u_fracn_div/u_dual_div/u_p_counter/u_ld_dff/Q_i_3__2/O, cell u_fracn_div/u_dual_div/u_p_counter/u_ld_dff/Q_i_3__2. This is not good design practice and will likely impact performance. For SLICE registers, for example, use the CE pin to control the loading of data.
Related violations: <none>

PDRC-153#13 Warning
Gated clock check  
Net u_fracn_div/u_dual_div/u_p_counter/u_ld_dff/Q_reg_5 is a gated clock net sourced by a combinational pin u_fracn_div/u_dual_div/u_p_counter/u_ld_dff/Q_i_3__3/O, cell u_fracn_div/u_dual_div/u_p_counter/u_ld_dff/Q_i_3__3. This is not good design practice and will likely impact performance. For SLICE registers, for example, use the CE pin to control the loading of data.
Related violations: <none>

PDRC-153#14 Warning
Gated clock check  
Net u_fracn_div/u_dual_div/u_p_counter/u_ld_dff/Q_reg_6 is a gated clock net sourced by a combinational pin u_fracn_div/u_dual_div/u_p_counter/u_ld_dff/Q_i_3__4/O, cell u_fracn_div/u_dual_div/u_p_counter/u_ld_dff/Q_i_3__4. This is not good design practice and will likely impact performance. For SLICE registers, for example, use the CE pin to control the loading of data.
Related violations: <none>

PDRC-153#15 Warning
Gated clock check  
Net u_fracn_div/u_dual_div/u_s_counter/BLOCK1[0].u_dff/Q_i_3_n_0 is a gated clock net sourced by a combinational pin u_fracn_div/u_dual_div/u_s_counter/BLOCK1[0].u_dff/Q_i_3/O, cell u_fracn_div/u_dual_div/u_s_counter/BLOCK1[0].u_dff/Q_i_3. This is not good design practice and will likely impact performance. For SLICE registers, for example, use the CE pin to control the loading of data.
Related violations: <none>

PDRC-153#16 Warning
Gated clock check  
Net u_fracn_div/u_dual_div/u_s_counter/BLOCK1[0].u_dff/Q_reg/Q is a gated clock net sourced by a combinational pin u_fracn_div/u_dual_div/u_s_counter/BLOCK1[0].u_dff/Q_reg/L3/O, cell u_fracn_div/u_dual_div/u_s_counter/BLOCK1[0].u_dff/Q_reg/L3 (in u_fracn_div/u_dual_div/u_s_counter/BLOCK1[0].u_dff/Q_reg macro). This is not good design practice and will likely impact performance. For SLICE registers, for example, use the CE pin to control the loading of data.
Related violations: <none>

PDRC-153#17 Warning
Gated clock check  
Net u_fracn_div/u_dual_div/u_s_counter/BLOCK1[1].u_dff/Q_i_3__0_n_0 is a gated clock net sourced by a combinational pin u_fracn_div/u_dual_div/u_s_counter/BLOCK1[1].u_dff/Q_i_3__0/O, cell u_fracn_div/u_dual_div/u_s_counter/BLOCK1[1].u_dff/Q_i_3__0. This is not good design practice and will likely impact performance. For SLICE registers, for example, use the CE pin to control the loading of data.
Related violations: <none>

PDRC-153#18 Warning
Gated clock check  
Net u_fracn_div/u_sync_rstn_dff/ssc_int_reg[0]_0 is a gated clock net sourced by a combinational pin u_fracn_div/u_sync_rstn_dff/real_integer[0]_i_3/O, cell u_fracn_div/u_sync_rstn_dff/real_integer[0]_i_3. This is not good design practice and will likely impact performance. For SLICE registers, for example, use the CE pin to control the loading of data.
Related violations: <none>

PDRC-153#19 Warning
Gated clock check  
Net u_fracn_div/u_sync_rstn_dff/ssc_int_reg[1]_0 is a gated clock net sourced by a combinational pin u_fracn_div/u_sync_rstn_dff/real_integer[1]_i_3/O, cell u_fracn_div/u_sync_rstn_dff/real_integer[1]_i_3. This is not good design practice and will likely impact performance. For SLICE registers, for example, use the CE pin to control the loading of data.
Related violations: <none>

PDRC-153#20 Warning
Gated clock check  
Net u_fracn_div/u_sync_rstn_dff/ssc_int_reg[2]_0 is a gated clock net sourced by a combinational pin u_fracn_div/u_sync_rstn_dff/real_integer[2]_i_3/O, cell u_fracn_div/u_sync_rstn_dff/real_integer[2]_i_3. This is not good design practice and will likely impact performance. For SLICE registers, for example, use the CE pin to control the loading of data.
Related violations: <none>

PDRC-153#21 Warning
Gated clock check  
Net u_fracn_div/u_sync_rstn_dff/ssc_int_reg[3]_0 is a gated clock net sourced by a combinational pin u_fracn_div/u_sync_rstn_dff/real_integer[3]_i_3/O, cell u_fracn_div/u_sync_rstn_dff/real_integer[3]_i_3. This is not good design practice and will likely impact performance. For SLICE registers, for example, use the CE pin to control the loading of data.
Related violations: <none>

PDRC-153#22 Warning
Gated clock check  
Net u_fracn_div/u_sync_rstn_dff/ssc_int_reg[4]_0 is a gated clock net sourced by a combinational pin u_fracn_div/u_sync_rstn_dff/real_integer[4]_i_3/O, cell u_fracn_div/u_sync_rstn_dff/real_integer[4]_i_3. This is not good design practice and will likely impact performance. For SLICE registers, for example, use the CE pin to control the loading of data.
Related violations: <none>

PDRC-153#23 Warning
Gated clock check  
Net u_fracn_div/u_sync_rstn_dff/ssc_int_reg[5]_0 is a gated clock net sourced by a combinational pin u_fracn_div/u_sync_rstn_dff/real_integer[5]_i_3/O, cell u_fracn_div/u_sync_rstn_dff/real_integer[5]_i_3. This is not good design practice and will likely impact performance. For SLICE registers, for example, use the CE pin to control the loading of data.
Related violations: <none>

PDRC-153#24 Warning
Gated clock check  
Net u_fracn_div/u_sync_rstn_dff/ssc_int_reg[6]_0 is a gated clock net sourced by a combinational pin u_fracn_div/u_sync_rstn_dff/real_integer[6]_i_3/O, cell u_fracn_div/u_sync_rstn_dff/real_integer[6]_i_3. This is not good design practice and will likely impact performance. For SLICE registers, for example, use the CE pin to control the loading of data.
Related violations: <none>

PDRC-153#25 Warning
Gated clock check  
Net u_fracn_div/u_sync_rstn_dff/ssc_int_reg[7]_0 is a gated clock net sourced by a combinational pin u_fracn_div/u_sync_rstn_dff/real_integer[7]_i_4/O, cell u_fracn_div/u_sync_rstn_dff/real_integer[7]_i_4. This is not good design practice and will likely impact performance. For SLICE registers, for example, use the CE pin to control the loading of data.
Related violations: <none>

PDRC-153#26 Warning
Gated clock check  
Net u_ssc_ctrl/ssc_frac[0]_i_3_n_0 is a gated clock net sourced by a combinational pin u_ssc_ctrl/ssc_frac[0]_i_3/O, cell u_ssc_ctrl/ssc_frac[0]_i_3. This is not good design practice and will likely impact performance. For SLICE registers, for example, use the CE pin to control the loading of data.
Related violations: <none>

PDRC-153#27 Warning
Gated clock check  
Net u_ssc_ctrl/ssc_frac[1]_i_3_n_0 is a gated clock net sourced by a combinational pin u_ssc_ctrl/ssc_frac[1]_i_3/O, cell u_ssc_ctrl/ssc_frac[1]_i_3. This is not good design practice and will likely impact performance. For SLICE registers, for example, use the CE pin to control the loading of data.
Related violations: <none>

PDRC-153#28 Warning
Gated clock check  
Net u_ssc_ctrl/ssc_frac[2]_i_3_n_0 is a gated clock net sourced by a combinational pin u_ssc_ctrl/ssc_frac[2]_i_3/O, cell u_ssc_ctrl/ssc_frac[2]_i_3. This is not good design practice and will likely impact performance. For SLICE registers, for example, use the CE pin to control the loading of data.
Related violations: <none>

PDRC-153#29 Warning
Gated clock check  
Net u_ssc_ctrl/ssc_frac[3]_i_3_n_0 is a gated clock net sourced by a combinational pin u_ssc_ctrl/ssc_frac[3]_i_3/O, cell u_ssc_ctrl/ssc_frac[3]_i_3. This is not good design practice and will likely impact performance. For SLICE registers, for example, use the CE pin to control the loading of data.
Related violations: <none>

PDRC-153#30 Warning
Gated clock check  
Net u_ssc_ctrl/ssc_frac[4]_i_3_n_0 is a gated clock net sourced by a combinational pin u_ssc_ctrl/ssc_frac[4]_i_3/O, cell u_ssc_ctrl/ssc_frac[4]_i_3. This is not good design practice and will likely impact performance. For SLICE registers, for example, use the CE pin to control the loading of data.
Related violations: <none>

PDRC-153#31 Warning
Gated clock check  
Net u_ssc_ctrl/ssc_frac[5]_i_3_n_0 is a gated clock net sourced by a combinational pin u_ssc_ctrl/ssc_frac[5]_i_3/O, cell u_ssc_ctrl/ssc_frac[5]_i_3. This is not good design practice and will likely impact performance. For SLICE registers, for example, use the CE pin to control the loading of data.
Related violations: <none>

PDRC-153#32 Warning
Gated clock check  
Net u_ssc_ctrl/ssc_frac[6]_i_3_n_0 is a gated clock net sourced by a combinational pin u_ssc_ctrl/ssc_frac[6]_i_3/O, cell u_ssc_ctrl/ssc_frac[6]_i_3. This is not good design practice and will likely impact performance. For SLICE registers, for example, use the CE pin to control the loading of data.
Related violations: <none>

PDRC-153#33 Warning
Gated clock check  
Net u_ssc_ctrl/ssc_frac[7]_i_3_n_0 is a gated clock net sourced by a combinational pin u_ssc_ctrl/ssc_frac[7]_i_3/O, cell u_ssc_ctrl/ssc_frac[7]_i_3. This is not good design practice and will likely impact performance. For SLICE registers, for example, use the CE pin to control the loading of data.
Related violations: <none>

PDRC-153#34 Warning
Gated clock check  
Net u_ssc_ctrl/ssc_frac[8]_i_3_n_0 is a gated clock net sourced by a combinational pin u_ssc_ctrl/ssc_frac[8]_i_3/O, cell u_ssc_ctrl/ssc_frac[8]_i_3. This is not good design practice and will likely impact performance. For SLICE registers, for example, use the CE pin to control the loading of data.
Related violations: <none>

PDRC-153#35 Warning
Gated clock check  
Net u_ssc_ctrl/ssc_frac[9]_i_3_n_0 is a gated clock net sourced by a combinational pin u_ssc_ctrl/ssc_frac[9]_i_3/O, cell u_ssc_ctrl/ssc_frac[9]_i_3. This is not good design practice and will likely impact performance. For SLICE registers, for example, use the CE pin to control the loading of data.
Related violations: <none>

PDRC-153#36 Warning
Gated clock check  
Net u_ssc_ctrl/ssc_int[0]_i_3_n_0 is a gated clock net sourced by a combinational pin u_ssc_ctrl/ssc_int[0]_i_3/O, cell u_ssc_ctrl/ssc_int[0]_i_3. This is not good design practice and will likely impact performance. For SLICE registers, for example, use the CE pin to control the loading of data.
Related violations: <none>

PDRC-153#37 Warning
Gated clock check  
Net u_ssc_ctrl/ssc_int[1]_i_3_n_0 is a gated clock net sourced by a combinational pin u_ssc_ctrl/ssc_int[1]_i_3/O, cell u_ssc_ctrl/ssc_int[1]_i_3. This is not good design practice and will likely impact performance. For SLICE registers, for example, use the CE pin to control the loading of data.
Related violations: <none>

PDRC-153#38 Warning
Gated clock check  
Net u_ssc_ctrl/ssc_int[2]_i_3_n_0 is a gated clock net sourced by a combinational pin u_ssc_ctrl/ssc_int[2]_i_3/O, cell u_ssc_ctrl/ssc_int[2]_i_3. This is not good design practice and will likely impact performance. For SLICE registers, for example, use the CE pin to control the loading of data.
Related violations: <none>

PDRC-153#39 Warning
Gated clock check  
Net u_ssc_ctrl/ssc_int[3]_i_3_n_0 is a gated clock net sourced by a combinational pin u_ssc_ctrl/ssc_int[3]_i_3/O, cell u_ssc_ctrl/ssc_int[3]_i_3. This is not good design practice and will likely impact performance. For SLICE registers, for example, use the CE pin to control the loading of data.
Related violations: <none>

PDRC-153#40 Warning
Gated clock check  
Net u_ssc_ctrl/ssc_int[4]_i_3_n_0 is a gated clock net sourced by a combinational pin u_ssc_ctrl/ssc_int[4]_i_3/O, cell u_ssc_ctrl/ssc_int[4]_i_3. This is not good design practice and will likely impact performance. For SLICE registers, for example, use the CE pin to control the loading of data.
Related violations: <none>

PDRC-153#41 Warning
Gated clock check  
Net u_ssc_ctrl/ssc_int[5]_i_3_n_0 is a gated clock net sourced by a combinational pin u_ssc_ctrl/ssc_int[5]_i_3/O, cell u_ssc_ctrl/ssc_int[5]_i_3. This is not good design practice and will likely impact performance. For SLICE registers, for example, use the CE pin to control the loading of data.
Related violations: <none>

PDRC-153#42 Warning
Gated clock check  
Net u_ssc_ctrl/ssc_int[6]_i_3_n_0 is a gated clock net sourced by a combinational pin u_ssc_ctrl/ssc_int[6]_i_3/O, cell u_ssc_ctrl/ssc_int[6]_i_3. This is not good design practice and will likely impact performance. For SLICE registers, for example, use the CE pin to control the loading of data.
Related violations: <none>

PDRC-153#43 Warning
Gated clock check  
Net u_ssc_ctrl/ssc_int[7]_i_3_n_0 is a gated clock net sourced by a combinational pin u_ssc_ctrl/ssc_int[7]_i_3/O, cell u_ssc_ctrl/ssc_int[7]_i_3. This is not good design practice and will likely impact performance. For SLICE registers, for example, use the CE pin to control the loading of data.
Related violations: <none>

PLHOLDVIO-2#1 Warning
Non-Optimal connections which could lead to hold violations  
A LUT dtc_code_d1_reg[8]_i_1 is driving clock pin of 9 cells. This could lead to large hold time violations. Involved cells are:
dtc_code_d1_reg[0], dtc_code_d1_reg[1], dtc_code_d1_reg[2],
dtc_code_d1_reg[3], dtc_code_d1_reg[4], dtc_code_d1_reg[5],
dtc_code_d1_reg[6], dtc_code_d1_reg[7], dtc_code_d1_reg[8]
Related violations: <none>

PLHOLDVIO-2#2 Warning
Non-Optimal connections which could lead to hold violations  
A LUT u_fracn_div/u_dual_div/u_div_45/u3_reg_sync/Qn is driving clock pin of 6 cells. This could lead to large hold time violations. Involved cells are:
u_fracn_div/u_dual_div/u_p_counter/BLOCK1[0].u_dff/Q_reg/F1 (in u_fracn_div/u_dual_div/u_p_counter/BLOCK1[0].u_dff/Q_reg macro),
u_fracn_div/u_dual_div/u_p_counter/BLOCK1[0].u_dff/Q_reg/F2 (in u_fracn_div/u_dual_div/u_p_counter/BLOCK1[0].u_dff/Q_reg macro),
u_fracn_div/u_dual_div/u_p_counter/u_ld_dff/Q_reg,
u_fracn_div/u_dual_div/u_s_counter/BLOCK1[0].u_dff/Q_reg/F1 (in u_fracn_div/u_dual_div/u_s_counter/BLOCK1[0].u_dff/Q_reg macro),
u_fracn_div/u_dual_div/u_s_counter/BLOCK1[0].u_dff/Q_reg/F2 (in u_fracn_div/u_dual_div/u_s_counter/BLOCK1[0].u_dff/Q_reg macro)
u_fracn_div/u_dual_div/u_s_counter/u_mc_dff/Q_reg
Related violations: <none>

PLHOLDVIO-2#3 Warning
Non-Optimal connections which could lead to hold violations  
A LUT u_fracn_div/u_dual_div/u_p_counter/BLOCK1[0].u_dff/Q_reg/L3 (in u_fracn_div/u_dual_div/u_p_counter/BLOCK1[0].u_dff/Q_reg macro) is driving clock pin of 2 cells. This could lead to large hold time violations. Involved cells are:
u_fracn_div/u_dual_div/u_p_counter/BLOCK1[1].u_dff/Q_reg/F1 (in u_fracn_div/u_dual_div/u_p_counter/BLOCK1[1].u_dff/Q_reg macro)
u_fracn_div/u_dual_div/u_p_counter/BLOCK1[1].u_dff/Q_reg/F2 (in u_fracn_div/u_dual_div/u_p_counter/BLOCK1[1].u_dff/Q_reg macro)
Related violations: <none>

PLHOLDVIO-2#4 Warning
Non-Optimal connections which could lead to hold violations  
A LUT u_fracn_div/u_dual_div/u_p_counter/BLOCK1[1].u_dff/Q_reg/L3 (in u_fracn_div/u_dual_div/u_p_counter/BLOCK1[1].u_dff/Q_reg macro) is driving clock pin of 2 cells. This could lead to large hold time violations. Involved cells are:
u_fracn_div/u_dual_div/u_p_counter/BLOCK1[2].u_dff/Q_reg/F1 (in u_fracn_div/u_dual_div/u_p_counter/BLOCK1[2].u_dff/Q_reg macro)
u_fracn_div/u_dual_div/u_p_counter/BLOCK1[2].u_dff/Q_reg/F2 (in u_fracn_div/u_dual_div/u_p_counter/BLOCK1[2].u_dff/Q_reg macro)
Related violations: <none>

PLHOLDVIO-2#5 Warning
Non-Optimal connections which could lead to hold violations  
A LUT u_fracn_div/u_dual_div/u_p_counter/BLOCK1[2].u_dff/Q_reg/L3 (in u_fracn_div/u_dual_div/u_p_counter/BLOCK1[2].u_dff/Q_reg macro) is driving clock pin of 2 cells. This could lead to large hold time violations. Involved cells are:
u_fracn_div/u_dual_div/u_p_counter/BLOCK1[3].u_dff/Q_reg/F1 (in u_fracn_div/u_dual_div/u_p_counter/BLOCK1[3].u_dff/Q_reg macro)
u_fracn_div/u_dual_div/u_p_counter/BLOCK1[3].u_dff/Q_reg/F2 (in u_fracn_div/u_dual_div/u_p_counter/BLOCK1[3].u_dff/Q_reg macro)
Related violations: <none>

PLHOLDVIO-2#6 Warning
Non-Optimal connections which could lead to hold violations  
A LUT u_fracn_div/u_dual_div/u_p_counter/BLOCK1[3].u_dff/Q_reg/L3 (in u_fracn_div/u_dual_div/u_p_counter/BLOCK1[3].u_dff/Q_reg macro) is driving clock pin of 2 cells. This could lead to large hold time violations. Involved cells are:
u_fracn_div/u_dual_div/u_p_counter/BLOCK1[4].u_dff/Q_reg/F1 (in u_fracn_div/u_dual_div/u_p_counter/BLOCK1[4].u_dff/Q_reg macro)
u_fracn_div/u_dual_div/u_p_counter/BLOCK1[4].u_dff/Q_reg/F2 (in u_fracn_div/u_dual_div/u_p_counter/BLOCK1[4].u_dff/Q_reg macro)
Related violations: <none>

PLHOLDVIO-2#7 Warning
Non-Optimal connections which could lead to hold violations  
A LUT u_fracn_div/u_dual_div/u_p_counter/BLOCK1[4].u_dff/Q_reg/L3 (in u_fracn_div/u_dual_div/u_p_counter/BLOCK1[4].u_dff/Q_reg macro) is driving clock pin of 2 cells. This could lead to large hold time violations. Involved cells are:
u_fracn_div/u_dual_div/u_p_counter/BLOCK1[5].u_dff/Q_reg/F1 (in u_fracn_div/u_dual_div/u_p_counter/BLOCK1[5].u_dff/Q_reg macro)
u_fracn_div/u_dual_div/u_p_counter/BLOCK1[5].u_dff/Q_reg/F2 (in u_fracn_div/u_dual_div/u_p_counter/BLOCK1[5].u_dff/Q_reg macro)
Related violations: <none>

PLHOLDVIO-2#8 Warning
Non-Optimal connections which could lead to hold violations  
A LUT u_fracn_div/u_dual_div/u_s_counter/BLOCK1[0].u_dff/Q_reg/L3 (in u_fracn_div/u_dual_div/u_s_counter/BLOCK1[0].u_dff/Q_reg macro) is driving clock pin of 2 cells. This could lead to large hold time violations. Involved cells are:
u_fracn_div/u_dual_div/u_s_counter/BLOCK1[1].u_dff/Q_reg/F1 (in u_fracn_div/u_dual_div/u_s_counter/BLOCK1[1].u_dff/Q_reg macro)
u_fracn_div/u_dual_div/u_s_counter/BLOCK1[1].u_dff/Q_reg/F2 (in u_fracn_div/u_dual_div/u_s_counter/BLOCK1[1].u_dff/Q_reg macro)
Related violations: <none>

RTSTAT-10#1 Warning
No routable loads  
42 net(s) have no routable loads. The problem bus(es) and/or net(s) are dbg_hub/inst/BSCANID.u_xsdbm_id/CORE_XSDB.UUT_MASTER/U_ICON_INTERFACE/U_CMD1/ctl_reg_en_2[1],
dbg_hub/inst/BSCANID.u_xsdbm_id/CORE_XSDB.UUT_MASTER/U_ICON_INTERFACE/U_CMD6_RD/U_RD_FIFO/SUBCORE_FIFO.xsdbm_v3_0_3_rdfifo_inst/inst_fifo_gen/gconvfifo.rf/grf.rf/gntv_or_sync_fifo.gl0.rd/gr1.gr1_int.rfwft/aempty_fwft_i,
dbg_hub/inst/BSCANID.u_xsdbm_id/CORE_XSDB.UUT_MASTER/U_ICON_INTERFACE/U_CMD6_RD/U_RD_FIFO/SUBCORE_FIFO.xsdbm_v3_0_3_rdfifo_inst/inst_fifo_gen/gconvfifo.rf/grf.rf/gntv_or_sync_fifo.gl0.wr/gwhf.whf/overflow,
dbg_hub/inst/BSCANID.u_xsdbm_id/CORE_XSDB.UUT_MASTER/U_ICON_INTERFACE/U_CMD6_RD/U_RD_FIFO/SUBCORE_FIFO.xsdbm_v3_0_3_rdfifo_inst/inst_fifo_gen/gconvfifo.rf/grf.rf/rstblk/ngwrdrst.grst.wr_rst_reg[2],
dbg_hub/inst/BSCANID.u_xsdbm_id/CORE_XSDB.UUT_MASTER/U_ICON_INTERFACE/U_CMD6_WR/U_WR_FIFO/SUBCORE_FIFO.xsdbm_v3_0_3_wrfifo_inst/inst_fifo_gen/gconvfifo.rf/grf.rf/gntv_or_sync_fifo.gl0.wr/gwhf.whf/overflow,
dbg_hub/inst/BSCANID.u_xsdbm_id/CORE_XSDB.UUT_MASTER/U_ICON_INTERFACE/U_CMD6_WR/U_WR_FIFO/SUBCORE_FIFO.xsdbm_v3_0_3_wrfifo_inst/inst_fifo_gen/gconvfifo.rf/grf.rf/rstblk/ngwrdrst.grst.rd_rst_reg[0],
dbg_hub/inst/BSCANID.u_xsdbm_id/CORE_XSDB.UUT_MASTER/U_ICON_INTERFACE/U_CMD6_WR/U_WR_FIFO/SUBCORE_FIFO.xsdbm_v3_0_3_wrfifo_inst/inst_fifo_gen/gconvfifo.rf/grf.rf/rstblk/ngwrdrst.grst.wr_rst_reg[2],
dbg_hub/inst/BSCANID.u_xsdbm_id/CORE_XSDB.UUT_MASTER/U_ICON_INTERFACE/U_CMD7_CTL/ctl_reg[2:0],
dbg_hub/inst/BSCANID.u_xsdbm_id/CORE_XSDB.UUT_MASTER/U_ICON_INTERFACE/U_CMD7_CTL/ctl_reg_en_2[1],
dbg_hub/inst/BSCANID.u_xsdbm_id/SWITCH_N_EXT_BSCAN.bscan_inst/TMS,
dbg_hub/inst/BSCANID.u_xsdbm_id/SWITCH_N_EXT_BSCAN.bscan_switch/m_bscan_capture[0],
dbg_hub/inst/BSCANID.u_xsdbm_id/SWITCH_N_EXT_BSCAN.bscan_switch/m_bscan_drck[0],
dbg_hub/inst/BSCANID.u_xsdbm_id/SWITCH_N_EXT_BSCAN.bscan_switch/m_bscan_runtest[0],
u_fracn_div/u_mash111/u_mash_stage/inst/PROBE_OUT_ALL_INST/G_PROBE_OUT[1].PROBE_OUT0_INST/probe_out1[0],
u_vio_rst/inst/PROBE_OUT_ALL_INST/G_PROBE_OUT[0].PROBE_OUT0_INST/probe_out0[0]
 (the first 15 of 40 listed).
Related violations: <none>


