Copyright 1986-2022 Xilinx, Inc. All Rights Reserved. Copyright 2022-2024 Advanced Micro Devices, Inc. All Rights Reserved.
---------------------------------------------------------------------------------------------------------------------------------------------
| Tool Version : Vivado v.2024.2 (win64) Build 5239630 Fri Nov 08 22:35:27 MST 2024
| Date         : Tue Jul 21 13:18:26 2026
| Host         : DESKTOP-I9E0661 running 64-bit major release  (build 9200)
| Command      : report_drc -file fpga_ssc_pll_top_drc_opted.rpt -pb fpga_ssc_pll_top_drc_opted.pb -rpx fpga_ssc_pll_top_drc_opted.rpx
| Design       : fpga_ssc_pll_top
| Device       : xcvu9p-flga2104-2L-e
| Speed File   : -2L
| Design State : Synthesized
---------------------------------------------------------------------------------------------------------------------------------------------

Report DRC

Table of Contents
-----------------
1. REPORT SUMMARY
2. REPORT DETAILS

1. REPORT SUMMARY
-----------------
            Netlist: netlist
          Floorplan: design_1
      Design limits: <entire design considered>
           Ruledeck: default
             Max checks: <unlimited>
             Checks found: 12
+-------------+----------+-------------------------------------------------------------+--------+
| Rule        | Severity | Description                                                 | Checks |
+-------------+----------+-------------------------------------------------------------+--------+
| DPIP-2      | Warning  | Input pipelining                                            | 2      |
| DPOP-3      | Warning  | PREG Output pipelining                                      | 1      |
| DPOP-4      | Warning  | MREG Output pipelining                                      | 1      |
| PLHOLDVIO-2 | Warning  | Non-Optimal connections which could lead to hold violations | 8      |
+-------------+----------+-------------------------------------------------------------+--------+

2. REPORT DETAILS
-----------------
DPIP-2#1 Warning
Input pipelining  
DSP u_dtc_ctrl/mult input u_dtc_ctrl/mult/A[29:0] is not pipelined. Pipelining DSP48 input will improve performance.
Related violations: <none>

DPIP-2#2 Warning
Input pipelining  
DSP u_dtc_ctrl/mult input u_dtc_ctrl/mult/B[17:0] is not pipelined. Pipelining DSP48 input will improve performance.
Related violations: <none>

DPOP-3#1 Warning
PREG Output pipelining  
DSP u_dtc_ctrl/mult output u_dtc_ctrl/mult/P[47:0] is not pipelined (PREG=0). Pipelining the DSP48 output will improve performance and often saves power so it is suggested whenever possible to fully pipeline this function.  If this DSP48 function was inferred, it is suggested to describe an additional register stage after this function.  If the DSP48 was instantiated in the design, it is suggested to set the PREG attribute to 1.
Related violations: <none>

DPOP-4#1 Warning
MREG Output pipelining  
DSP u_dtc_ctrl/mult multiplier stage u_dtc_ctrl/mult/P[47:0] is not pipelined (MREG=0). Pipelining the multiplier function will improve performance and will save significant power so it is suggested whenever possible to fully pipeline this function.  If this multiplier was inferred, it is suggested to describe an additional register stage after this function.  If there is no registered adder/accumulator following the multiply function, two pipeline stages are suggested to allow both the MREG and PREG registers to be used.  If the DSP48 was instantiated in the design, it is suggested to set both the MREG and PREG attributes to 1 when performing multiply functions.
Related violations: <none>

PLHOLDVIO-2#1 Warning
Non-Optimal connections which could lead to hold violations  
A LUT dtc_code_d1_reg[8]_i_1 is driving clock pin of 9 cells. This could lead to large hold time violations. Involved cells are:
dtc_code_d1_reg[0], dtc_code_d1_reg[1], dtc_code_d1_reg[2],
dtc_code_d1_reg[3], dtc_code_d1_reg[4], dtc_code_d1_reg[5],
dtc_code_d1_reg[6], dtc_code_d1_reg[7], dtc_code_d1_reg[8]
Related violations: <none>

PLHOLDVIO-2#2 Warning
Non-Optimal connections which could lead to hold violations  
A LUT u_fracn_div/u_dual_div/u_div_45/u3_reg_sync/Qn is driving clock pin of 6 cells. This could lead to large hold time violations. Involved cells are:
u_fracn_div/u_dual_div/u_p_counter/BLOCK1[0].u_dff/Q_reg/F1 (in u_fracn_div/u_dual_div/u_p_counter/BLOCK1[0].u_dff/Q_reg macro),
u_fracn_div/u_dual_div/u_p_counter/BLOCK1[0].u_dff/Q_reg/F2 (in u_fracn_div/u_dual_div/u_p_counter/BLOCK1[0].u_dff/Q_reg macro),
u_fracn_div/u_dual_div/u_p_counter/u_ld_dff/Q_reg,
u_fracn_div/u_dual_div/u_s_counter/BLOCK1[0].u_dff/Q_reg/F1 (in u_fracn_div/u_dual_div/u_s_counter/BLOCK1[0].u_dff/Q_reg macro),
u_fracn_div/u_dual_div/u_s_counter/BLOCK1[0].u_dff/Q_reg/F2 (in u_fracn_div/u_dual_div/u_s_counter/BLOCK1[0].u_dff/Q_reg macro)
u_fracn_div/u_dual_div/u_s_counter/u_mc_dff/Q_reg
Related violations: <none>

PLHOLDVIO-2#3 Warning
Non-Optimal connections which could lead to hold violations  
A LUT u_fracn_div/u_dual_div/u_p_counter/BLOCK1[0].u_dff/Q_reg/L3 (in u_fracn_div/u_dual_div/u_p_counter/BLOCK1[0].u_dff/Q_reg macro) is driving clock pin of 2 cells. This could lead to large hold time violations. Involved cells are:
u_fracn_div/u_dual_div/u_p_counter/BLOCK1[1].u_dff/Q_reg/F1 (in u_fracn_div/u_dual_div/u_p_counter/BLOCK1[1].u_dff/Q_reg macro)
u_fracn_div/u_dual_div/u_p_counter/BLOCK1[1].u_dff/Q_reg/F2 (in u_fracn_div/u_dual_div/u_p_counter/BLOCK1[1].u_dff/Q_reg macro)
Related violations: <none>

PLHOLDVIO-2#4 Warning
Non-Optimal connections which could lead to hold violations  
A LUT u_fracn_div/u_dual_div/u_p_counter/BLOCK1[1].u_dff/Q_reg/L3 (in u_fracn_div/u_dual_div/u_p_counter/BLOCK1[1].u_dff/Q_reg macro) is driving clock pin of 2 cells. This could lead to large hold time violations. Involved cells are:
u_fracn_div/u_dual_div/u_p_counter/BLOCK1[2].u_dff/Q_reg/F1 (in u_fracn_div/u_dual_div/u_p_counter/BLOCK1[2].u_dff/Q_reg macro)
u_fracn_div/u_dual_div/u_p_counter/BLOCK1[2].u_dff/Q_reg/F2 (in u_fracn_div/u_dual_div/u_p_counter/BLOCK1[2].u_dff/Q_reg macro)
Related violations: <none>

PLHOLDVIO-2#5 Warning
Non-Optimal connections which could lead to hold violations  
A LUT u_fracn_div/u_dual_div/u_p_counter/BLOCK1[2].u_dff/Q_reg/L3 (in u_fracn_div/u_dual_div/u_p_counter/BLOCK1[2].u_dff/Q_reg macro) is driving clock pin of 2 cells. This could lead to large hold time violations. Involved cells are:
u_fracn_div/u_dual_div/u_p_counter/BLOCK1[3].u_dff/Q_reg/F1 (in u_fracn_div/u_dual_div/u_p_counter/BLOCK1[3].u_dff/Q_reg macro)
u_fracn_div/u_dual_div/u_p_counter/BLOCK1[3].u_dff/Q_reg/F2 (in u_fracn_div/u_dual_div/u_p_counter/BLOCK1[3].u_dff/Q_reg macro)
Related violations: <none>

PLHOLDVIO-2#6 Warning
Non-Optimal connections which could lead to hold violations  
A LUT u_fracn_div/u_dual_div/u_p_counter/BLOCK1[3].u_dff/Q_reg/L3 (in u_fracn_div/u_dual_div/u_p_counter/BLOCK1[3].u_dff/Q_reg macro) is driving clock pin of 2 cells. This could lead to large hold time violations. Involved cells are:
u_fracn_div/u_dual_div/u_p_counter/BLOCK1[4].u_dff/Q_reg/F1 (in u_fracn_div/u_dual_div/u_p_counter/BLOCK1[4].u_dff/Q_reg macro)
u_fracn_div/u_dual_div/u_p_counter/BLOCK1[4].u_dff/Q_reg/F2 (in u_fracn_div/u_dual_div/u_p_counter/BLOCK1[4].u_dff/Q_reg macro)
Related violations: <none>

PLHOLDVIO-2#7 Warning
Non-Optimal connections which could lead to hold violations  
A LUT u_fracn_div/u_dual_div/u_p_counter/BLOCK1[4].u_dff/Q_reg/L3 (in u_fracn_div/u_dual_div/u_p_counter/BLOCK1[4].u_dff/Q_reg macro) is driving clock pin of 2 cells. This could lead to large hold time violations. Involved cells are:
u_fracn_div/u_dual_div/u_p_counter/BLOCK1[5].u_dff/Q_reg/F1 (in u_fracn_div/u_dual_div/u_p_counter/BLOCK1[5].u_dff/Q_reg macro)
u_fracn_div/u_dual_div/u_p_counter/BLOCK1[5].u_dff/Q_reg/F2 (in u_fracn_div/u_dual_div/u_p_counter/BLOCK1[5].u_dff/Q_reg macro)
Related violations: <none>

PLHOLDVIO-2#8 Warning
Non-Optimal connections which could lead to hold violations  
A LUT u_fracn_div/u_dual_div/u_s_counter/BLOCK1[0].u_dff/Q_reg/L3 (in u_fracn_div/u_dual_div/u_s_counter/BLOCK1[0].u_dff/Q_reg macro) is driving clock pin of 2 cells. This could lead to large hold time violations. Involved cells are:
u_fracn_div/u_dual_div/u_s_counter/BLOCK1[1].u_dff/Q_reg/F1 (in u_fracn_div/u_dual_div/u_s_counter/BLOCK1[1].u_dff/Q_reg macro)
u_fracn_div/u_dual_div/u_s_counter/BLOCK1[1].u_dff/Q_reg/F2 (in u_fracn_div/u_dual_div/u_s_counter/BLOCK1[1].u_dff/Q_reg macro)
Related violations: <none>


